LOG base4mod3.log;
SYMBOLS 0 1 2 3; a fsm that accepts numbers in base four that when divided by three remainder is two
SYMBOLS; print the symbol list
INITIAL-STATE Q0 ; last digit indicates remainder so far
FINAL-STATES Q2;
; print the current list of states
STATES Q1;
STATES;
TRANSITIONS 0 Q0 q0, 0 Q1 Q1, 0 Q2 q2,
1 Q0 q1, 1 Q1 Q2, 1 Q2 q0,
2 Q0 q2, 2 Q1 Q0, 2 Q2 q1,
3 Q0 q0, 3 Q1 Q1, 3 Q2 q2; multiply current state remainder by four, add new symbol, mod 3.
EXECUTE 123; expected result is Q0 Q1 Q0 Q0 NO
COMPILE base4mod3.fs;
CLEAR;
PRINT;
LOAD base4mod3.fs;
EXECUTE 123;